
> hjx@0.1.0 docs:build
> vitepress build docs


  [32m[1mvitepress[22m v1.6.4[39m

- building client + server bundles...
[33m
The language 'hjx' is not loaded, falling back to 'txt' for syntax highlighting.[39m
[33m
The language 'hjx' is not loaded, falling back to 'txt' for syntax highlighting.[39m
[33m
The language 'hjx' is not loaded, falling back to 'txt' for syntax highlighting.[39m
[33m
The language 'hjx' is not loaded, falling back to 'txt' for syntax highlighting.[39m
[33m
The language 'hjx' is not loaded, falling back to 'txt' for syntax highlighting.[39m
[33m
The language 'hjx' is not loaded, falling back to 'txt' for syntax highlighting.[39m
[33m
The language 'hjx' is not loaded, falling back to 'txt' for syntax highlighting.[39m
[33m
The language 'hjx' is not loaded, falling back to 'txt' for syntax highlighting.[39m
[33m
The language 'hjx' is not loaded, falling back to 'txt' for syntax highlighting.[39m
[33m
The language 'hjx' is not loaded, falling back to 'txt' for syntax highlighting.[39m
[33m
The language 'hjx' is not loaded, falling back to 'txt' for syntax highlighting.[39m
[33m
The language 'hjx' is not loaded, falling back to 'txt' for syntax highlighting.[39m
[33m
The language 'hjx' is not loaded, falling back to 'txt' for syntax highlighting.[39m
[33m
The language 'hjx' is not loaded, falling back to 'txt' for syntax highlighting.[39m
[33m
The language 'hjx' is not loaded, falling back to 'txt' for syntax highlighting.[39m
[33m
The language 'hjx' is not loaded, falling back to 'txt' for syntax highlighting.[39m
[33m
The language 'hjx' is not loaded, falling back to 'txt' for syntax highlighting.[39m
[33m
The language 'hjx' is not loaded, falling back to 'txt' for syntax highlighting.[39m
[33m
The language 'hjx' is not loaded, falling back to 'txt' for syntax highlighting.[39m
[33m
The language 'hjx' is not loaded, falling back to 'txt' for syntax highlighting.[39m
[33m
The language 'hjx' is not loaded, falling back to 'txt' for syntax highlighting.[39m
[33m
The language 'hjx' is not loaded, falling back to 'txt' for syntax highlighting.[39m
[33m
The language 'hjx' is not loaded, falling back to 'txt' for syntax highlighting.[39m
[33m
The language 'hjx' is not loaded, falling back to 'txt' for syntax highlighting.[39m
[33m
The language 'hjx' is not loaded, falling back to 'txt' for syntax highlighting.[39m
[33m
The language 'hjx' is not loaded, falling back to 'txt' for syntax highlighting.[39m
[33m
The language 'hjx' is not loaded, falling back to 'txt' for syntax highlighting.[39m
[33m
The language 'hjx' is not loaded, falling back to 'txt' for syntax highlighting.[39m
[33m
The language 'hjx' is not loaded, falling back to 'txt' for syntax highlighting.[39m
[33m
The language 'hjx' is not loaded, falling back to 'txt' for syntax highlighting.[39m
[33m
The language 'hjx' is not loaded, falling back to 'txt' for syntax highlighting.[39m
[33m
The language 'hjx' is not loaded, falling back to 'txt' for syntax highlighting.[39m
[33m
The language 'hjx' is not loaded, falling back to 'txt' for syntax highlighting.[39m
[33m
The language 'hjx' is not loaded, falling back to 'txt' for syntax highlighting.[39m
[33m
The language 'hjx' is not loaded, falling back to 'txt' for syntax highlighting.[39m
[33m
The language 'hjx' is not loaded, falling back to 'txt' for syntax highlighting.[39m
[33m
The language 'hjx' is not loaded, falling back to 'txt' for syntax highlighting.[39m
[33m
The language 'hjx' is not loaded, falling back to 'txt' for syntax highlighting.[39m
[33m
The language 'hjx' is not loaded, falling back to 'txt' for syntax highlighting.[39m
[33m
The language 'hjx' is not loaded, falling back to 'txt' for syntax highlighting.[39m
[33m
The language 'hjx' is not loaded, falling back to 'txt' for syntax highlighting.[39m
[33m
The language 'hjx' is not loaded, falling back to 'txt' for syntax highlighting.[39m
[33m
The language 'hjx' is not loaded, falling back to 'txt' for syntax highlighting.[39m
[33m
The language 'hjx' is not loaded, falling back to 'txt' for syntax highlighting.[39m
[33m
The language 'hjx' is not loaded, falling back to 'txt' for syntax highlighting.[39m
[33m
The language 'hjx' is not loaded, falling back to 'txt' for syntax highlighting.[39m
[33m
The language 'hjx' is not loaded, falling back to 'txt' for syntax highlighting.[39m
[33m
The language 'hjx' is not loaded, falling back to 'txt' for syntax highlighting.[39m
[33m
The language 'hjx' is not loaded, falling back to 'txt' for syntax highlighting.[39m
[33m
The language 'hjx' is not loaded, falling back to 'txt' for syntax highlighting.[39m
[33m
The language 'hjx' is not loaded, falling back to 'txt' for syntax highlighting.[39m
[33m
The language 'hjx' is not loaded, falling back to 'txt' for syntax highlighting.[39m
[33m
The language 'hjx' is not loaded, falling back to 'txt' for syntax highlighting.[39m
[33m
The language 'hjx' is not loaded, falling back to 'txt' for syntax highlighting.[39m
[33m
The language 'hjx' is not loaded, falling back to 'txt' for syntax highlighting.[39m
[33m
The language 'hjx' is not loaded, falling back to 'txt' for syntax highlighting.[39m
[33m
The language 'hjx' is not loaded, falling back to 'txt' for syntax highlighting.[39m
[33m
The language 'hjx' is not loaded, falling back to 'txt' for syntax highlighting.[39m
[33m
The language 'hjx' is not loaded, falling back to 'txt' for syntax highlighting.[39m
[33m
The language 'hjx' is not loaded, falling back to 'txt' for syntax highlighting.[39m
[33m
The language 'hjx' is not loaded, falling back to 'txt' for syntax highlighting.[39m
[33m
The language 'hjx' is not loaded, falling back to 'txt' for syntax highlighting.[39m
[33m
The language 'hjx' is not loaded, falling back to 'txt' for syntax highlighting.[39m
[33m
The language 'hjx' is not loaded, falling back to 'txt' for syntax highlighting.[39m
[33m
The language 'hjx' is not loaded, falling back to 'txt' for syntax highlighting.[39m
[33m
The language 'hjx' is not loaded, falling back to 'txt' for syntax highlighting.[39m
[33m
The language 'hjx' is not loaded, falling back to 'txt' for syntax highlighting.[39m
[33m
The language 'hjx' is not loaded, falling back to 'txt' for syntax highlighting.[39m
[33m
The language 'hjx' is not loaded, falling back to 'txt' for syntax highlighting.[39m
[33m
The language 'hjx' is not loaded, falling back to 'txt' for syntax highlighting.[39m
[33m
The language 'hjx' is not loaded, falling back to 'txt' for syntax highlighting.[39m
[33m
The language 'hjx' is not loaded, falling back to 'txt' for syntax highlighting.[39m
[33m
The language 'hjx' is not loaded, falling back to 'txt' for syntax highlighting.[39m
[33m
The language 'hjx' is not loaded, falling back to 'txt' for syntax highlighting.[39m
[33m
The language 'hjx' is not loaded, falling back to 'txt' for syntax highlighting.[39m
[33m
The language 'hjx' is not loaded, falling back to 'txt' for syntax highlighting.[39m
[33m
The language 'hjx' is not loaded, falling back to 'txt' for syntax highlighting.[39m
[33m
The language 'hjx' is not loaded, falling back to 'txt' for syntax highlighting.[39m
[33m
The language 'hjx' is not loaded, falling back to 'txt' for syntax highlighting.[39m
[33m
The language 'hjx' is not loaded, falling back to 'txt' for syntax highlighting.[39m
[33m
The language 'hjx' is not loaded, falling back to 'txt' for syntax highlighting.[39m
[33m
The language 'hjx' is not loaded, falling back to 'txt' for syntax highlighting.[39m
[33m
The language 'hjx' is not loaded, falling back to 'txt' for syntax highlighting.[39m
[33m
The language 'hjx' is not loaded, falling back to 'txt' for syntax highlighting.[39m
[33m
The language 'hjx' is not loaded, falling back to 'txt' for syntax highlighting.[39m
[33m
The language 'hjx' is not loaded, falling back to 'txt' for syntax highlighting.[39m
[33m
The language 'hjx' is not loaded, falling back to 'txt' for syntax highlighting.[39m
[33m
The language 'hjx' is not loaded, falling back to 'txt' for syntax highlighting.[39m
[33m
The language 'hjx' is not loaded, falling back to 'txt' for syntax highlighting.[39m
[33m
The language 'hjx' is not loaded, falling back to 'txt' for syntax highlighting.[39m
[33m
The language 'hjx' is not loaded, falling back to 'txt' for syntax highlighting.[39m
[33m
The language 'hjx' is not loaded, falling back to 'txt' for syntax highlighting.[39m
[33m
The language 'hjx' is not loaded, falling back to 'txt' for syntax highlighting.[39m
[33m
The language 'hjx' is not loaded, falling back to 'txt' for syntax highlighting.[39m
[33m
The language 'hjx' is not loaded, falling back to 'txt' for syntax highlighting.[39m
[33m
The language 'hjx' is not loaded, falling back to 'txt' for syntax highlighting.[39m
[33m
The language 'hjx' is not loaded, falling back to 'txt' for syntax highlighting.[39m
[33m
The language 'hjx' is not loaded, falling back to 'txt' for syntax highlighting.[39m
[33m
The language 'hjx' is not loaded, falling back to 'txt' for syntax highlighting.[39m
[33m
The language 'hjx' is not loaded, falling back to 'txt' for syntax highlighting.[39m
[33m
The language 'hjx' is not loaded, falling back to 'txt' for syntax highlighting.[39m
[33m
The language 'hjx' is not loaded, falling back to 'txt' for syntax highlighting.[39m
[33m
The language ':' is not loaded, falling back to 'txt' for syntax highlighting.[39m
[33m
The language 'hjx' is not loaded, falling back to 'txt' for syntax highlighting.[39m
[33m
The language 'hjx' is not loaded, falling back to 'txt' for syntax highlighting.[39m
[33m
The language 'hjx' is not loaded, falling back to 'txt' for syntax highlighting.[39m
[33m
The language 'hjx' is not loaded, falling back to 'txt' for syntax highlighting.[39m
[33m
The language 'hjx' is not loaded, falling back to 'txt' for syntax highlighting.[39m
[33m
The language 'hjx' is not loaded, falling back to 'txt' for syntax highlighting.[39m
[33m
The language 'hjx' is not loaded, falling back to 'txt' for syntax highlighting.[39m
[33m
The language 'hjx' is not loaded, falling back to 'txt' for syntax highlighting.[39m
[33m
The language 'hjx' is not loaded, falling back to 'txt' for syntax highlighting.[39m
[33m
The language 'hjx' is not loaded, falling back to 'txt' for syntax highlighting.[39m
[33m
The language 'hjx' is not loaded, falling back to 'txt' for syntax highlighting.[39m
[33m
The language 'hjx' is not loaded, falling back to 'txt' for syntax highlighting.[39m
[33m
The language 'hjx' is not loaded, falling back to 'txt' for syntax highlighting.[39m
[33m
The language 'hjx' is not loaded, falling back to 'txt' for syntax highlighting.[39m
[33m
The language 'hjx' is not loaded, falling back to 'txt' for syntax highlighting.[39m
[33m
The language 'hjx' is not loaded, falling back to 'txt' for syntax highlighting.[39m
[33m
The language 'hjx' is not loaded, falling back to 'txt' for syntax highlighting.[39m
[33m
The language 'hjx' is not loaded, falling back to 'txt' for syntax highlighting.[39m
[33m
The language 'hjx' is not loaded, falling back to 'txt' for syntax highlighting.[39m
[33m
The language 'hjx' is not loaded, falling back to 'txt' for syntax highlighting.[39m
[33m
The language 'hjx' is not loaded, falling back to 'txt' for syntax highlighting.[39m
[33m
The language 'hjx' is not loaded, falling back to 'txt' for syntax highlighting.[39m
[33m
The language 'hjx' is not loaded, falling back to 'txt' for syntax highlighting.[39m
[33m
The language 'hjx' is not loaded, falling back to 'txt' for syntax highlighting.[39m
[33m
The language 'hjx' is not loaded, falling back to 'txt' for syntax highlighting.[39m
[33m
The language 'hjx' is not loaded, falling back to 'txt' for syntax highlighting.[39m
[33m
The language 'hjx' is not loaded, falling back to 'txt' for syntax highlighting.[39m
[33m
The language 'hjx' is not loaded, falling back to 'txt' for syntax highlighting.[39m
[33m
The language 'hjx' is not loaded, falling back to 'txt' for syntax highlighting.[39m
[33m
The language 'hjx' is not loaded, falling back to 'txt' for syntax highlighting.[39m
[33m
The language 'hjx' is not loaded, falling back to 'txt' for syntax highlighting.[39m
[33m
The language 'hjx' is not loaded, falling back to 'txt' for syntax highlighting.[39m
[33m
The language 'hjx' is not loaded, falling back to 'txt' for syntax highlighting.[39m
[33m
The language 'hjx' is not loaded, falling back to 'txt' for syntax highlighting.[39m
[33m
The language 'hjx' is not loaded, falling back to 'txt' for syntax highlighting.[39m
[33m
The language 'hjx' is not loaded, falling back to 'txt' for syntax highlighting.[39m
[33m
The language 'hjx' is not loaded, falling back to 'txt' for syntax highlighting.[39m
[33m
The language 'hjx' is not loaded, falling back to 'txt' for syntax highlighting.[39m
[33m
The language 'hjx' is not loaded, falling back to 'txt' for syntax highlighting.[39m
[33m
The language 'hjx' is not loaded, falling back to 'txt' for syntax highlighting.[39m
[33m
The language 'hjx' is not loaded, falling back to 'txt' for syntax highlighting.[39m
[33m
The language 'hjx' is not loaded, falling back to 'txt' for syntax highlighting.[39m
[33m
The language 'hjx' is not loaded, falling back to 'txt' for syntax highlighting.[39m
[33m
The language 'hjx' is not loaded, falling back to 'txt' for syntax highlighting.[39m
[33m
The language 'hjx' is not loaded, falling back to 'txt' for syntax highlighting.[39m
[33m
The language 'hjx' is not loaded, falling back to 'txt' for syntax highlighting.[39m
[33m
The language 'hjx' is not loaded, falling back to 'txt' for syntax highlighting.[39m
[33m
The language 'hjx' is not loaded, falling back to 'txt' for syntax highlighting.[39m
[33m
The language 'hjx' is not loaded, falling back to 'txt' for syntax highlighting.[39m
[33m
The language 'hjx' is not loaded, falling back to 'txt' for syntax highlighting.[39m
[33m
The language 'hjx' is not loaded, falling back to 'txt' for syntax highlighting.[39m
[33m
The language 'hjx' is not loaded, falling back to 'txt' for syntax highlighting.[39m
[33m
The language 'hjx' is not loaded, falling back to 'txt' for syntax highlighting.[39m
[33m
The language 'hjx' is not loaded, falling back to 'txt' for syntax highlighting.[39m
[33m
The language 'hjx' is not loaded, falling back to 'txt' for syntax highlighting.[39m
[33m
The language 'hjx' is not loaded, falling back to 'txt' for syntax highlighting.[39m
[33m
The language 'hjx' is not loaded, falling back to 'txt' for syntax highlighting.[39m
[33m
The language 'hjx' is not loaded, falling back to 'txt' for syntax highlighting.[39m
[33m
The language 'hjx' is not loaded, falling back to 'txt' for syntax highlighting.[39m
[33m
The language 'hjx' is not loaded, falling back to 'txt' for syntax highlighting.[39m
[33m
The language 'hjx' is not loaded, falling back to 'txt' for syntax highlighting.[39m
[33m
The language 'hjx' is not loaded, falling back to 'txt' for syntax highlighting.[39m
[33m
The language 'hjx' is not loaded, falling back to 'txt' for syntax highlighting.[39m
[33m
The language 'hjx' is not loaded, falling back to 'txt' for syntax highlighting.[39m
[33m
The language 'hjx' is not loaded, falling back to 'txt' for syntax highlighting.[39m
[33m
The language 'hjx' is not loaded, falling back to 'txt' for syntax highlighting.[39m
[33m
The language 'hjx' is not loaded, falling back to 'txt' for syntax highlighting.[39m
[33m
The language 'hjx' is not loaded, falling back to 'txt' for syntax highlighting.[39m
[33m
The language 'hjx' is not loaded, falling back to 'txt' for syntax highlighting.[39m
[33m
The language 'hjx' is not loaded, falling back to 'txt' for syntax highlighting.[39m
[33m
The language 'hjx' is not loaded, falling back to 'txt' for syntax highlighting.[39m
[31mx[39m Build failed in 4.85s
[31m✖[0m building client + server bundles...
[31mbuild error:[39m
[31m[vite:vue] [plugin vite:vue] ../../../../E:/chatit.cloud/hjx/hjx/docs/guide/grammar-system.md (91:8): Error parsing JavaScript expression: Unterminated regular expression. (1:4)[39m
file: [36mE:/chatit.cloud/hjx/hjx/docs/guide/grammar-system.md:91:8[39m
[31m[vite:vue] [plugin vite:vue] ../../../../E:/chatit.cloud/hjx/hjx/docs/guide/grammar-system.md (91:8): Error parsing JavaScript expression: Unterminated regular expression. (1:4)[39m
file: [36mE:/chatit.cloud/hjx/hjx/docs/guide/grammar-system.md:91:8[39m
SyntaxError: [plugin vite:vue] ../../../../E:/chatit.cloud/hjx/hjx/docs/guide/grammar-system.md (91:8): Error parsing JavaScript expression: Unterminated regular expression. (1:4)
    at createCompilerError (e:\chatit.cloud\hjx\hjx\node_modules\@vue\compiler-core\dist\compiler-core.cjs.prod.js:1374:17)
    at emitError (e:\chatit.cloud\hjx\hjx\node_modules\@vue\compiler-core\dist\compiler-core.cjs.prod.js:2980:5)
    at createExp (e:\chatit.cloud\hjx\hjx\node_modules\@vue\compiler-core\dist\compiler-core.cjs.prod.js:2973:7)
    at Object.oninterpolation (e:\chatit.cloud\hjx\hjx\node_modules\@vue\compiler-core\dist\compiler-core.cjs.prod.js:2347:16)
    at Tokenizer.stateInterpolationClose (e:\chatit.cloud\hjx\hjx\node_modules\@vue\compiler-core\dist\compiler-core.cjs.prod.js:596:18)
    at Tokenizer.parse (e:\chatit.cloud\hjx\hjx\node_modules\@vue\compiler-core\dist\compiler-core.cjs.prod.js:1097:16)
    at Object.baseParse (e:\chatit.cloud\hjx\hjx\node_modules\@vue\compiler-core\dist\compiler-core.cjs.prod.js:3012:13)
    at Object.parse (e:\chatit.cloud\hjx\hjx\node_modules\@vue\compiler-dom\dist\compiler-dom.cjs.prod.js:665:23)
    at Object.parse$1 [as parse] (e:\chatit.cloud\hjx\hjx\node_modules\@vue\compiler-sfc\dist\compiler-sfc.cjs.js:1824:24)
    at createDescriptor (file:///e:/chatit.cloud/hjx/hjx/node_modules/@vitejs/plugin-vue/dist/index.mjs:71:43)
